 4390  curl localhost:8980/v2/accounts
 4391  curl localhost:8980/v2/assetes
 4392  curl localhost:8980/v2/assets
 4393  curl localhost:8980/v2/blocks
 4394  curl localhost:8980/v2/blocks/322
 4395  curl localhost:8980/v2/blocks/323
 4396  curl localhost:8980/v2/ledger
 4397  curl localhost:8980/v2/ledger/supply
 4398  curl localhost:8980/v2/status
 4399  curl localhost:8980/v2/status/wait-for-block-after
 4400  curl localhost:8980/v2/status/wait-for-block-after/322
 4401  curl localhost:8980/v2/transactions
 4402  curl localhost:8980/v2/transactions/pending
 4403  curl localhost:300
 4404  curl localhost:4001
